EXIT CODE: 0

STDOUT:
============================= test session starts =============================
platform win32 -- Python 3.11.9, pytest-9.0.3, pluggy-1.6.0 -- C:\Users\fubai\AppData\Local\Programs\Python\Python311\python.exe
cachedir: .pytest_cache
rootdir: c:\Users\fubai\Desktop\My_Workspace\01_Project自动化项目管理\Python自动化项目总库\02_在研项目\SW-2026-005_PLC项目管理工具\03_主程序\01_主程序核心代码
collecting ... collected 301 items

tests/test_naming_checker.py::TestNamingCheckerInitialization::test_instantiation PASSED [  0%]
tests/test_naming_checker.py::TestNamingCheckerInitialization::test_rule_count PASSED [  0%]
tests/test_naming_checker.py::TestNamingCheckerInitialization::test_rules_default_enabled PASSED [  0%]
tests/test_naming_checker.py::TestNamingCheckerInitialization::test_repr_output PASSED [  1%]
tests/test_naming_checker.py::TestNamingCheckerInitialization::test_check_returns_list PASSED [  1%]
tests/test_naming_checker.py::TestNamingCheckerInitialization::test_valid_code_no_violations PASSED [  1%]
tests/test_naming_checker.py::TestNamingCheckerInitialization::test_empty_code_handling PASSED [  2%]
tests/test_naming_checker.py::TestNamingRule001::test_method_def_with_call_prefix PASSED [  2%]
tests/test_naming_checker.py::TestNamingRule001::test_method_def_without_call_prefix PASSED [  2%]
tests/test_naming_checker.py::TestNamingRule001::test_method_def_with_fb_qualifier_call PASSED [  3%]
tests/test_naming_checker.py::TestNamingRule001::test_method_def_case_insensitive PASSED [  3%]
tests/test_naming_checker.py::TestNamingRule001::test_method_def_multiple_violations PASSED [  3%]
tests/test_naming_checker.py::TestNamingRule001::test_rule_001_can_be_disabled PASSED [  4%]
tests/test_naming_checker.py::TestNamingRule002::test_method_call_with_call_prefix PASSED [  4%]
tests/test_naming_checker.py::TestNamingRule002::test_direct_method_call_ok PASSED [  4%]
tests/test_naming_checker.py::TestNamingRule002::test_method_call_with_parameters PASSED [  5%]
tests/test_naming_checker.py::TestNamingRule002::test_ignore_method_definition_line PASSED [  5%]
tests/test_naming_checker.py::TestNamingRule002::test_rule_002_can_be_disabled PASSED [  5%]
tests/test_naming_checker.py::TestNamingRule003::test_input_var_missing_prefix PASSED [  6%]
tests/test_naming_checker.py::TestNamingRule003::test_output_var_missing_prefix PASSED [  6%]
tests/test_naming_checker.py::TestNamingRule003::test_fb_instance_missing_fb_prefix PASSED [  6%]
tests/test_naming_checker.py::TestNamingRule003::test_constant_missing_const_prefix PASSED [  7%]
tests/test_naming_checker.py::TestNamingRule003::test_correct_prefixes_pass PASSED [  7%]
tests/test_naming_checker.py::TestNamingRule003::test_local_var_should_use_s_prefix PASSED [  7%]
tests/test_naming_checker.py::TestNamingRule004::test_chinese_variable_name PASSED [  8%]
tests/test_naming_checker.py::TestNamingRule004::test_chinese_var_message_content PASSED [  8%]
tests/test_naming_checker.py::TestNamingRule004::test_english_variable_pass PASSED [  8%]
tests/test_naming_checker.py::TestNamingRule004::test_mixed_chinese_english_vars PASSED [  9%]
tests/test_naming_checker.py::TestNamingRule004::test_rule_004_can_be_disabled PASSED [  9%]
tests/test_naming_checker.py::TestNamingRule005::test_extra_underscore_in_name PASSED [  9%]
tests/test_naming_checker.py::TestNamingRule005::test_correct_camelcase_format PASSED [ 10%]
tests/test_naming_checker.py::TestNamingRule005::test_single_underscore_only_prefix PASSED [ 10%]
tests/test_naming_checker.py::TestNamingRule005::test_multiple_underscores_detected PASSED [ 10%]
tests/test_naming_checker.py::TestNamingRule005::test_suggestion_contains_removal_hint PASSED [ 11%]
tests/test_naming_checker.py::TestNamingRule006::test_uppercase_first_letter_invalid PASSED [ 11%]
tests/test_naming_checker.py::TestNamingRule006::test_lowercase_first_letter_valid PASSED [ 11%]
tests/test_naming_checker.py::TestNamingRule006::test_constant_uppercase_allowed PASSED [ 12%]
tests/test_naming_checker.py::TestNamingRule006::test_variable_after_prefix_lowercase PASSED [ 12%]
tests/test_naming_checker.py::TestRuleEnableDisable::test_disable_single_rule PASSED [ 12%]
tests/test_naming_checker.py::TestRuleEnableDisable::test_enable_disabled_rule PASSED [ 13%]
tests/test_naming_checker.py::TestRuleEnableDisable::test_disable_nonexistent_rule PASSED [ 13%]
tests/test_naming_checker.py::TestRuleEnableDisable::test_enable_nonexistent_rule PASSED [ 13%]
tests/test_naming_checker.py::TestRuleEnableDisable::test_disable_all_rules PASSED [ 14%]
tests/test_naming_checker.py::TestRuleEnableDisable::test_selective_enable PASSED [ 14%]
tests/test_naming_checker.py::TestComplexScenarios::test_complex_mixed_scenario PASSED [ 14%]
tests/test_naming_checker.py::TestComplexScenarios::test_real_world_plc_code PASSED [ 15%]
tests/test_naming_checker.py::TestComplexScenarios::test_edge_cases PASSED [ 15%]
tests/test_naming_checker.py::TestComplexScenarios::test_comment_and_string_ignored PASSED [ 15%]
tests/test_naming_checker.py::TestViolationDataIntegrity::test_violation_has_required_fields PASSED [ 16%]
tests/test_naming_checker.py::TestViolationDataIntegrity::test_line_number_accuracy PASSED [ 16%]
tests/test_naming_checker.py::TestViolationDataIntegrity::test_code_snippet_present PASSED [ 16%]
tests/test_naming_checker.py::TestViolationDataIntegrity::test_suggestion_is_helpful PASSED [ 17%]
tests/test_checker_framework.py::TestBaseChecker::test_cannot_instantiate_abstract_class PASSED [ 17%]
tests/test_checker_framework.py::TestBaseChecker::test_subclass_can_be_instantiated PASSED [ 17%]
tests/test_checker_framework.py::TestBaseChecker::test_rule_info_property PASSED [ 18%]
tests/test_checker_framework.py::TestBaseChecker::test_severity_property PASSED [ 18%]
tests/test_checker_framework.py::TestBaseChecker::test_enable_disable_toggle PASSED [ 18%]
tests/test_checker_framework.py::TestBaseChecker::test_repr_output PASSED [ 19%]
tests/test_checker_framework.py::TestBaseChecker::test_disabled_repr PASSED [ 19%]
tests/test_checker_framework.py::TestBaseChecker::test_check_method_returns_list PASSED [ 19%]
tests/test_checker_framework.py::TestRuleRegistry::test_singleton_pattern PASSED [ 20%]
tests/test_checker_framework.py::TestRuleRegistry::test_register_checker PASSED [ 20%]
tests/test_checker_framework.py::TestRuleRegistry::test_register_duplicate_overwrites PASSED [ 20%]
tests/test_checker_framework.py::TestRuleRegistry::test_get_checker_by_id_exists PASSED [ 21%]
tests/test_checker_framework.py::TestRuleRegistry::test_get_checker_by_id_not_exists PASSED [ 21%]
tests/test_checker_framework.py::TestRuleRegistry::test_register_invalid_type_raises_error PASSED [ 21%]
tests/test_checker_framework.py::TestRuleRegistry::test_unregister_checker PASSED [ 22%]
tests/test_checker_framework.py::TestRuleRegistry::test_unregister_nonexistent_returns_false PASSED [ 22%]
tests/test_checker_framework.py::TestRuleRegistry::test_get_checkers_by_category PASSED [ 22%]
tests/test_checker_framework.py::TestRuleRegistry::test_get_all_checkers PASSED [ 23%]
tests/test_checker_framework.py::TestRuleRegistry::test_get_all_checkers_enabled_only PASSED [ 23%]
tests/test_checker_framework.py::TestRuleRegistry::test_enable_rule PASSED [ 23%]
tests/test_checker_framework.py::TestRuleRegistry::test_enable_nonexistent_rule PASSED [ 24%]
tests/test_checker_framework.py::TestRuleRegistry::test_disable_rule PASSED [ 24%]
tests/test_checker_framework.py::TestRuleRegistry::test_enable_disable_category PASSED [ 24%]
tests/test_checker_framework.py::TestRuleRegistry::test_get_statistics PASSED [ 25%]
tests/test_checker_framework.py::TestRuleRegistry::test_clear_registry PASSED [ 25%]
tests/test_checker_framework.py::TestRuleRegistry::test_iteration PASSED [ 25%]
tests/test_checker_framework.py::TestRuleRegistry::test_get_all_categories PASSED [ 26%]
tests/test_checker_framework.py::TestViolation::test_creation_with_required_fields PASSED [ 26%]
tests/test_checker_framework.py::TestViolation::test_creation_with_all_fields PASSED [ 26%]
tests/test_checker_framework.py::TestViolation::test_to_dict_serialization PASSED [ 27%]
tests/test_checker_framework.py::TestViolation::test_location_str_formatting PASSED [ 27%]
tests/test_checker_framework.py::TestViolation::test_str_representation PASSED [ 27%]
tests/test_checker_framework.py::TestCheckResult::test_empty_result PASSED [ 28%]
tests/test_checker_framework.py::TestCheckResult::test_add_single_violation PASSED [ 28%]
tests/test_checker_framework.py::TestCheckResult::test_add_multiple_violations PASSED [ 28%]
tests/test_checker_framework.py::TestCheckResult::test_filter_by_severity PASSED [ 29%]
tests/test_checker_framework.py::TestCheckResult::test_filter_by_rule_id PASSED [ 29%]
tests/test_checker_framework.py::TestCheckResult::test_to_dict_serialization PASSED [ 29%]
tests/test_checker_framework.py::TestCheckReport::test_empty_report PASSED [ 30%]
tests/test_checker_framework.py::TestCheckReport::test_add_results_and_aggregate PASSED [ 30%]
tests/test_checker_framework.py::TestCheckReport::test_quality_score_calculation PASSED [ 30%]
tests/test_checker_framework.py::TestCheckReport::test_worst_files_ranking PASSED [ 31%]
tests/test_checker_framework.py::TestCheckReport::test_to_dict_complete_structure PASSED [ 31%]
tests/test_checker_framework.py::TestCheckReport::test_generate_summary_text PASSED [ 31%]
tests/test_checker_framework.py::TestSpecDocParser::test_parse_standard_rule_format PASSED [ 32%]
tests/test_checker_framework.py::TestSpecDocParser::test_parse_colon_format PASSED [ 32%]
tests/test_checker_framework.py::TestSpecDocParser::test_parse_directory PASSED [ 32%]
tests/test_checker_framework.py::TestSpecDocParser::test_get_spec_summary PASSED [ 33%]
tests/test_checker_framework.py::TestSpecDocParser::test_search_rules_by_keyword PASSED [ 33%]
tests/test_checker_framework.py::TestSpecDocParser::test_get_rules_by_category PASSED [ 33%]
tests/test_checker_framework.py::TestSpecDocParser::test_handle_nonexistent_file PASSED [ 34%]
tests/test_checker_framework.py::TestSpecDocParser::test_handle_unsupported_format PASSED [ 34%]
tests/test_checker_framework.py::TestSpecDocParser::test_clear_parser_state PASSED [ 34%]
tests/test_checker_framework.py::TestSpecDocParser::test_rule_to_dict_conversion PASSED [ 35%]
tests/test_checker_framework.py::TestSpecDocParser::test_multiline_content_extraction PASSED [ 35%]
tests/test_syntax_checker.py::TestSyntaxCheckerInit::test_creation PASSED [ 35%]
tests/test_syntax_checker.py::TestSyntaxCheckerInit::test_rule_info PASSED [ 36%]
tests/test_syntax_checker.py::TestSyntaxCheckerInit::test_enabled_by_default PASSED [ 36%]
tests/test_syntax_checker.py::TestSyntaxCheckerInit::test_enable_disable PASSED [ 36%]
tests/test_syntax_checker.py::TestVarTempPositionRule::test_var_temp_in_program_error PASSED [ 37%]
tests/test_syntax_checker.py::TestVarTempPositionRule::test_var_temp_after_other_var_warning PASSED [ 37%]
tests/test_syntax_checker.py::TestVarTempPositionRule::test_valid_var_temp_position PASSED [ 37%]
tests/test_syntax_checker.py::TestVarTempPositionRule::test_no_var_temp_no_violation PASSED [ 38%]
tests/test_syntax_checker.py::TestControlStructureRule::test_matched_if_end_if PASSED [ 38%]
tests/test_syntax_checker.py::TestControlStructureRule::test_unmatched_if PASSED [ 38%]
tests/test_syntax_checker.py::TestControlStructureRule::test_nested_control_structures PASSED [ 39%]
tests/test_syntax_checker.py::TestControlStructureRule::test_mismatched_structure PASSED [ 39%]
tests/test_syntax_checker.py::TestControlStructureRule::test_extra_end_keyword PASSED [ 39%]
tests/test_syntax_checker.py::TestControlStructureRule::test_while_loop_matching PASSED [ 40%]
tests/test_syntax_checker.py::TestControlStructureRule::test_case_statement_matching PASSED [ 40%]
tests/test_syntax_checker.py::TestControlStructureRule::test_repeat_until_matching PASSED [ 40%]
tests/test_syntax_checker.py::TestControlStructureRule::test_complex_nesting_all_types PASSED [ 41%]
tests/test_syntax_checker.py::TestControlStructureRule::test_ignore_comments_and_strings PASSED [ 41%]
tests/test_syntax_checker.py::TestFBStructureRule::test_fb_with_complete_vars PASSED [ 41%]
tests/test_syntax_checker.py::TestFBStructureRule::test_fb_missing_interface PASSED [ 42%]
tests/test_syntax_checker.py::TestFBStructureRule::test_non_fb_not_checked PASSED [ 42%]
tests/test_syntax_checker.py::TestStatementTerminatorRule::test_assignment_with_semicolon PASSED [ 42%]
tests/test_syntax_checker.py::TestStatementTerminatorRule::test_assignment_without_semicolon PASSED [ 43%]
tests/test_syntax_checker.py::TestStatementTerminatorRule::test_ignore_control_lines PASSED [ 43%]
tests/test_syntax_checker.py::TestStatementTerminatorRule::test_ignore_var_declarations PASSED [ 43%]
tests/test_syntax_checker.py::TestTypeValidityRule::test_standard_iec_types PASSED [ 44%]
tests/test_syntax_checker.py::TestTypeValidityRule::test_unknown_type_detection PASSED [ 44%]
tests/test_syntax_checker.py::TestTypeValidityRule::test_user_defined_types_accepted PASSED [ 44%]
tests/test_syntax_checker.py::TestTypeValidityRule::test_array_type_validation PASSED [ 45%]
tests/test_syntax_checker.py::TestEdgeCasesAndErrorHandling::test_empty_input PASSED [ 45%]
tests/test_syntax_checker.py::TestEdgeCasesAndErrorHandling::test_none_input_handling PASSED [ 45%]
tests/test_syntax_checker.py::TestEdgeCasesAndErrorHandling::test_only_whitespace PASSED [ 46%]
tests/test_syntax_checker.py::TestEdgeCasesAndErrorHandling::test_single_line_input PASSED [ 46%]
tests/test_syntax_checker.py::TestEdgeCasesAndErrorHandling::test_very_long_line PASSED [ 46%]
tests/test_syntax_checker.py::TestEdgeCasesAndErrorHandling::test_unicode_content PASSED [ 47%]
tests/test_syntax_checker.py::TestComprehensiveScenarios::test_complete_function_block PASSED [ 47%]
tests/test_syntax_checker.py::TestComprehensiveScenarios::test_multiple_errors_combined PASSED [ 47%]
tests/test_syntax_checker.py::TestIndividualCheckerClasses::test_var_temp_position_checker PASSED [ 48%]
tests/test_syntax_checker.py::TestIndividualCheckerClasses::test_control_structure_checker PASSED [ 48%]
tests/test_syntax_checker.py::TestIndividualCheckerClasses::test_fb_structure_checker PASSED [ 48%]
tests/test_syntax_checker.py::TestIndividualCheckerClasses::test_statement_terminator_checker PASSED [ 49%]
tests/test_syntax_checker.py::TestIndividualCheckerClasses::test_type_validity_checker PASSED [ 49%]
tests/test_comment_checker.py::TestCommentCheckerInit::test_creation PASSED [ 49%]
tests/test_comment_checker.py::TestCommentCheckerInit::test_rule_info PASSED [ 50%]
tests/test_comment_checker.py::TestCommentCheckerInit::test_enabled_by_default PASSED [ 50%]
tests/test_comment_checker.py::TestCommentCheckerInit::test_configurable_density_range PASSED [ 50%]
tests/test_comment_checker.py::TestNestedCommentRule::test_matched_comments PASSED [ 51%]
tests/test_comment_checker.py::TestNestedCommentRule::test_nested_comment_detection PASSED [ 51%]
tests/test_comment_checker.py::TestNestedCommentRule::test_unclosed_comment PASSED [ 51%]
tests/test_comment_checker.py::TestNestedCommentRule::test_extra_closing_bracket PASSED [ 52%]
tests/test_comment_checker.py::TestNestedCommentRule::test_multiple_unclosed PASSED [ 52%]
tests/test_comment_checker.py::TestNestedCommentRule::test_ignore_strings PASSED [ 52%]
tests/test_comment_checker.py::TestNestedCommentRule::test_adjacent_comments PASSED [ 53%]
tests/test_comment_checker.py::TestChinesePunctuationRule::test_english_punctuation_ok PASSED [ 53%]
tests/test_comment_checker.py::TestChinesePunctuationRule::test_chinese_comma_detected PASSED [ 53%]
tests/test_comment_checker.py::TestChinesePunctuationRule::test_chinese_period_detected PASSED [ 54%]
tests/test_comment_checker.py::TestChinesePunctuationRule::test_chinese_colon_detected PASSED [ 54%]
tests/test_comment_checker.py::TestChinesePunctuationRule::test_multiple_chinese_punctuations PASSED [ 54%]
tests/test_comment_checker.py::TestChinesePunctuationRule::test_only_detect_in_comments PASSED [ 55%]
tests/test_comment_checker.py::TestCommentDensityRule::test_well_commented_code PASSED [ 55%]
tests/test_comment_checker.py::TestCommentDensityRule::test_no_comments_low_density PASSED [ 55%]
tests/test_comment_checker.py::TestCommentDensityRule::test_over_commented_code PASSED [ 56%]
tests/test_comment_checker.py::TestCommentDensityRule::test_empty_file_density PASSED [ 56%]
tests/test_comment_checker.py::TestCommentDensityRule::test_mixed_content_density_calculation PASSED [ 56%]
tests/test_comment_checker.py::TestCommentFormatRule::test_consistent_tag_format PASSED [ 57%]
tests/test_comment_checker.py::TestCommentFormatRule::test_inconsistent_case_tags PASSED [ 57%]
tests/test_comment_checker.py::TestCommentFormatRule::test_mixed_separator_styles PASSED [ 57%]
tests/test_comment_checker.py::TestCommentFormatRule::test_long_single_line_comment PASSED [ 58%]
tests/test_comment_checker.py::TestCommentFormatRule::test_normal_length_comment_ok PASSED [ 58%]
tests/test_comment_checker.py::TestEdgeCasesAndErrorHandling::test_empty_input PASSED [ 58%]
tests/test_comment_checker.py::TestEdgeCasesAndErrorHandling::test_none_input PASSED [ 59%]
tests/test_comment_checker.py::TestEdgeCasesAndErrorHandling::test_only_comments PASSED [ 59%]
tests/test_comment_checker.py::TestEdgeCasesAndErrorHandling::test_special_characters_in_comments PASSED [ 59%]
tests/test_comment_checker.py::TestEdgeCasesAndErrorHandling::test_unicode_in_comments PASSED [ 60%]
tests/test_comment_checker.py::TestEdgeCasesAndErrorHandling::test_very_long_line PASSED [ 60%]
tests/test_comment_checker.py::TestStatisticsFunctionality::test_statistics_for_well_commented PASSED [ 60%]
tests/test_comment_checker.py::TestStatisticsFunctionality::test_statistics_for_no_comments PASSED [ 61%]
tests/test_comment_checker.py::TestStatisticsFunctionality::test_statistics_for_empty PASSED [ 61%]
tests/test_comment_checker.py::TestStatisticsFunctionality::test_statistics_chinese_punct_count PASSED [ 61%]
tests/test_comment_checker.py::TestComprehensiveScenarios::test_perfect_code_no_violations PASSED [ 62%]
tests/test_comment_checker.py::TestComprehensiveScenarios::test_code_with_multiple_issues PASSED [ 62%]
tests/test_comment_checker.py::TestIndividualCheckerClasses::test_nested_comment_checker PASSED [ 62%]
tests/test_comment_checker.py::TestIndividualCheckerClasses::test_chinese_punctuation_checker PASSED [ 63%]
tests/test_comment_checker.py::TestIndividualCheckerClasses::test_comment_density_checker PASSED [ 63%]
tests/test_comment_checker.py::TestIndividualCheckerClasses::test_comment_format_checker PASSED [ 63%]
tests/test_comment_checker.py::TestContextConfiguration::test_custom_density_threshold PASSED [ 64%]
tests/test_config_checker.py::TestCONFIG001RequiredFields::test_all_required_fields_present PASSED [ 64%]
tests/test_config_checker.py::TestCONFIG001RequiredFields::test_missing_name_field PASSED [ 64%]
tests/test_config_checker.py::TestCONFIG001RequiredFields::test_missing_description_field PASSED [ 65%]
tests/test_config_checker.py::TestCONFIG001RequiredFields::test_missing_version_field PASSED [ 65%]
tests/test_config_checker.py::TestCONFIG001RequiredFields::test_missing_all_required_fields PASSED [ 65%]
tests/test_config_checker.py::TestCONFIG001RequiredFields::test_empty_name_value PASSED [ 66%]
tests/test_config_checker.py::TestCONFIG002NameFormat::test_valid_name_format PASSED [ 66%]
tests/test_config_checker.py::TestCONFIG002NameFormat::test_invalid_name_too_short PASSED [ 66%]
tests/test_config_checker.py::TestCONFIG002NameFormat::test_invalid_name_lowercase PASSED [ 67%]
tests/test_config_checker.py::TestCONFIG002NameFormat::test_invalid_name_no_hyphens PASSED [ 67%]
tests/test_config_checker.py::TestCONFIG003VersionFormat::test_valid_version_format PASSED [ 67%]
tests/test_config_checker.py::TestCONFIG003VersionFormat::test_valid_version_with_large_numbers PASSED [ 68%]
tests/test_config_checker.py::TestCONFIG003VersionFormat::test_invalid_version_no_prefix PASSED [ 68%]
tests/test_config_checker.py::TestCONFIG003VersionFormat::test_invalid_version_semver_style PASSED [ 68%]
tests/test_config_checker.py::TestCONFIG004LibrariesFieldName::test_correct_libraries_field PASSED [ 69%]
tests/test_config_checker.py::TestCONFIG004LibrariesFieldName::test_wrong_library_directories_field PASSED [ 69%]
tests/test_config_checker.py::TestCONFIG004LibrariesFieldName::test_both_correct_and_wrong_field PASSED [ 69%]
tests/test_config_checker.py::TestCONFIG004LibrariesFieldName::test_empty_library_directories_array PASSED [ 70%]
tests/test_config_checker.py::TestCONFIG004LibrariesFieldName::test_code_snippet_in_violation PASSED [ 70%]
tests/test_config_checker.py::TestCONFIG005PathType::test_relative_path_accepted PASSED [ 70%]
tests/test_config_checker.py::TestCONFIG005PathType::test_windows_absolute_path_rejected PASSED [ 71%]
tests/test_config_checker.py::TestCONFIG005PathType::test_unix_absolute_path_rejected PASSED [ 71%]
tests/test_config_checker.py::TestCONFIG005PathType::test_multiple_paths_mixed_types PASSED [ 71%]
tests/test_config_checker.py::TestCONFIG005PathType::test_empty_libraries_list PASSED [ 72%]
tests/test_config_checker.py::TestCONFIG006PathValidity::test_existing_relative_path PASSED [ 72%]
tests/test_config_checker.py::TestCONFIG006PathValidity::test_nonexistent_path PASSED [ 72%]
tests/test_config_checker.py::TestCONFIG006PathValidity::test_no_project_path_skips_check PASSED [ 73%]
tests/test_config_checker.py::TestCONFIG006PathValidity::test_windows_path_calculation PASSED [ 73%]
tests/test_config_checker.py::TestCONFIG007PathSeparator::test_forward_slash_accepted PASSED [ 73%]
tests/test_config_checker.py::TestCONFIG007PathSeparator::test_backslash_warning PASSED [ 74%]
tests/test_config_checker.py::TestCONFIG007PathSeparator::test_unc_path_not_flagged PASSED [ 74%]
tests/test_config_checker.py::TestCONFIG007PathSeparator::test_mixed_separators PASSED [ 74%]
tests/test_config_checker.py::TestJSONParsingErrors::test_invalid_json_syntax PASSED [ 75%]
tests/test_config_checker.py::TestJSONParsingErrors::test_trailing_comma PASSED [ 75%]
tests/test_config_checker.py::TestJSONParsingErrors::test_non_object_json PASSED [ 75%]
tests/test_config_checker.py::TestJSONParsingErrors::test_empty_string_input PASSED [ 76%]
tests/test_config_checker.py::TestCompleteIntegration::test_perfect_configuration PASSED [ 76%]
tests/test_config_checker.py::TestCompleteIntegration::test_real_world_bad_config PASSED [ 76%]
tests/test_config_checker.py::TestCompleteIntegration::test_dj_2026_000_reference_example PASSED [ 77%]
tests/test_config_checker.py::TestCompleteIntegration::test_multi_library_configuration PASSED [ 77%]
tests/test_config_checker.py::TestEdgeCases::test_none_context_handling PASSED [ 77%]
tests/test_config_checker.py::TestEdgeCases::test_unicode_in_description PASSED [ 78%]
tests/test_config_checker.py::TestEdgeCases::test_very_long_library_path PASSED [ 78%]
tests/test_config_checker.py::TestEdgeCases::test_special_characters_in_path PASSED [ 78%]
tests/test_config_checker.py::TestEdgeCases::test_get_all_rule_ids PASSED [ 79%]
tests/test_config_checker.py::TestEdgeCases::test_get_rule_descriptions PASSED [ 79%]
tests/test_config_checker.py::TestViolationRecordIntegrity::test_violation_contains_suggestion PASSED [ 79%]
tests/test_config_checker.py::TestViolationRecordIntegrity::test_violation_file_path_preserved PASSED [ 80%]
tests/test_config_checker.py::TestViolationRecordIntegrity::test_violation_severity_levels PASSED [ 80%]
tests/test_variable_checker.py::TestVariableParserInit::test_creation PASSED [ 80%]
tests/test_variable_checker.py::TestGVLParsing::test_parse_basic_gvl PASSED [ 81%]
tests/test_variable_checker.py::TestGVLParsing::test_variable_names_extracted PASSED [ 81%]
tests/test_variable_checker.py::TestGVLParsing::test_variable_categories PASSED [ 81%]
tests/test_variable_checker.py::TestDuplicateDetection::test_find_duplicates_with_dups PASSED [ 82%]
tests/test_variable_checker.py::TestDuplicateDetection::test_no_duplicates PASSED [ 82%]
tests/test_variable_checker.py::TestNamingConvention::test_valid_hungarian_names PASSED [ 82%]
tests/test_variable_checker.py::TestNamingConvention::test_invalid_prefix_names PASSED [ 83%]
tests/test_variable_checker.py::TestIECAddressParsing::test_parse_digital_input PASSED [ 83%]
tests/test_variable_checker.py::TestIECAddressParsing::test_parse_digital_output PASSED [ 83%]
tests/test_variable_checker.py::TestIECAddressParsing::test_parse_analog_input_word PASSED [ 84%]
tests/test_variable_checker.py::TestIECAddressParsing::test_parse_invalid_address PASSED [ 84%]
tests/test_variable_checker.py::TestIECAddressParsing::test_parse_memory_variable PASSED [ 84%]
tests/test_variable_checker.py::TestEdgeCases::test_empty_gvl PASSED     [ 85%]
tests/test_variable_checker.py::TestEdgeCases::test_clear_method PASSED  [ 85%]
tests/test_timer_checker.py::TestTimerCheckerInit::test_creation PASSED  [ 85%]
tests/test_timer_checker.py::TestTimerCheckerInit::test_rule_infos_count PASSED [ 86%]
tests/test_timer_checker.py::TestTimerCheckerInit::test_all_rule_ids_exist PASSED [ 86%]
tests/test_timer_checker.py::TestTimerCheckerInit::test_default_nesting_depth PASSED [ 86%]
tests/test_timer_checker.py::TestTimerCheckerInit::test_repr PASSED      [ 87%]
tests/test_timer_checker.py::TestTimer001NamingConvention::test_ton_with_correct_prefix PASSED [ 87%]
tests/test_timer_checker.py::TestTimer001NamingConvention::test_tof_with_correct_prefix PASSED [ 87%]
tests/test_timer_checker.py::TestTimer001NamingConvention::test_tp_with_correct_prefix PASSED [ 88%]
tests/test_timer_checker.py::TestTimer001NamingConvention::test_ton_without_prefix PASSED [ 88%]
tests/test_timer_checker.py::TestTimer001NamingConvention::test_tof_without_prefix PASSED [ 88%]
tests/test_timer_checker.py::TestTimer001NamingConvention::test_multiple_naming_violations PASSED [ 89%]
tests/test_timer_checker.py::TestTimer001NamingConvention::test_case_insensitive_matching PASSED [ 89%]
tests/test_timer_checker.py::TestTimer002InstantiationCompleteness::test_complete_instantiation PASSED [ 89%]
tests/test_timer_checker.py::TestTimer002InstantiationCompleteness::test_missing_pt_parameter PASSED [ 90%]
tests/test_timer_checker.py::TestTimer002InstantiationCompleteness::test_missing_et_parameter PASSED [ 90%]
tests/test_timer_checker.py::TestTimer002InstantiationCompleteness::test_missing_both_parameters PASSED [ 90%]
tests/test_timer_checker.py::TestTimer002InstantiationCompleteness::test_simple_declaration_no_error PASSED [ 91%]
tests/test_timer_checker.py::TestTimer002InstantiationCompleteness::test_severity_is_error PASSED [ 91%]
tests/test_timer_checker.py::TestTimer003InvocationParameters::test_complete_invocation PASSED [ 91%]
tests/test_timer_checker.py::TestTimer003InvocationParameters::test_missing_in_parameter PASSED [ 92%]
tests/test_timer_checker.py::TestTimer003InvocationParameters::test_missing_pt_parameter PASSED [ 92%]
tests/test_timer_checker.py::TestTimer003InvocationParameters::test_missing_both_parameters PASSED [ 92%]
tests/test_timer_checker.py::TestTimer003InvocationParameters::test_invocation_not_confused_with_instantiation PASSED [ 93%]
tests/test_timer_checker.py::TestTimer004ResetLogic::test_timer_with_reset PASSED [ 93%]
tests/test_timer_checker.py::TestTimer004ResetLogic::test_timer_without_reset PASSED [ 93%]
tests/test_timer_checker.py::TestTimer004ResetLogic::test_multiple_timers_partial_reset PASSED [ 94%]
tests/test_timer_checker.py::TestTimer004ResetLogic::test_timer_never_activated PASSED [ 94%]
tests/test_timer_checker.py::TestTimer004ResetLogic::test_suggestion_contains_reset_code PASSED [ 94%]
tests/test_timer_checker.py::TestTimer005NestingDepth::test_within_depth_limit PASSED [ 95%]
tests/test_timer_checker.py::TestTimer005NestingDepth::test_exceeding_depth_limit PASSED [ 95%]
tests/test_timer_checker.py::TestTimer005NestingDepth::test_custom_max_depth PASSED [ 95%]
tests/test_timer_checker.py::TestTimer005NestingDepth::test_different_timer_types_nesting PASSED [ 96%]
tests/test_timer_checker.py::TestTimer005NestingDepth::test_invalid_depth_value_raises_error PASSED [ 96%]
tests/test_timer_checker.py::TestRuleEnableDisable::test_disable_rule_001 PASSED [ 96%]
tests/test_timer_checker.py::TestRuleEnableDisable::test_enable_disabled_rule PASSED [ 97%]
tests/test_timer_checker.py::TestRuleEnableDisable::test_disable_nonexistent_rule_returns_false PASSED [ 97%]
tests/test_timer_checker.py::TestRuleEnableDisable::test_enable_nonexistent_rule_returns_false PASSED [ 97%]
tests/test_timer_checker.py::TestEdgeCases::test_empty_source_code PASSED [ 98%]
tests/test_timer_checker.py::TestEdgeCases::test_whitespace_only_code PASSED [ 98%]
tests/test_timer_checker.py::TestEdgeCases::test_comments_only PASSED    [ 98%]
tests/test_timer_checker.py::TestEdgeCases::test_complex_real_world_example PASSED [ 99%]
tests/test_timer_checker.py::TestEdgeCases::test_file_path_in_violations PASSED [ 99%]
tests/test_timer_checker.py::TestEdgeCases::test_line_number_accuracy PASSED [ 99%]
tests/test_timer_checker.py::TestEdgeCases::test_multiple_rules_triggered_simultaneously PASSED [100%]

============================= 301 passed in 0.56s =============================


STDERR:
